{
  "type": "Block",
  "nodes": [
    {
      "type": "Code",
      "val": "var id = 5",
      "buffer": false,
      "escape": false,
      "line": 1,
      "filename": "attrs.js.tokens.json"
    },
    {
      "type": "Code",
      "val": "function answer() { return 42; }",
      "buffer": false,
      "escape": false,
      "line": 2,
      "filename": "attrs.js.tokens.json"
    },
    {
      "type": "Tag",
      "name": "a",
      "selfClosing": false,
      "block": {
        "type": "Block",
        "nodes": []
      },
      "attrs": [
        {
          "name": "href",
          "val": "'/user/' + id",
          "escaped": true
        },
        {
          "name": "class",
          "val": "'button'",
          "escaped": true
        }
      ],
      "attributeBlocks": [],
      "line": 3,
      "filename": "attrs.js.tokens.json"
    },
    {
      "type": "Tag",
      "name": "a",
      "selfClosing": false,
      "block": {
        "type": "Block",
        "nodes": []
      },
      "attrs": [
        {
          "name": "href",
          "val": "'/user/' + id",
          "escaped": true
        },
        {
          "name": "class",
          "val": "'button'",
          "escaped": true
        }
      ],
      "attributeBlocks": [],
      "line": 4,
      "filename": "attrs.js.tokens.json"
    },
    {
      "type": "Tag",
      "name": "meta",
      "selfClosing": false,
      "block": {
        "type": "Block",
        "nodes": []
      },
      "attrs": [
        {
          "name": "key",
          "val": "'answer'",
          "escaped": true
        },
        {
          "name": "value",
          "val": "answer()",
          "escaped": true
        }
      ],
      "attributeBlocks": [],
      "line": 5,
      "filename": "attrs.js.tokens.json"
    },
    {
      "type": "Tag",
      "name": "a",
      "selfClosing": false,
      "block": {
        "type": "Block",
        "nodes": []
      },
      "attrs": [
        {
          "name": "class",
          "val": "['class1', 'class2']",
          "escaped": true
        }
      ],
      "attributeBlocks": [],
      "line": 6,
      "filename": "attrs.js.tokens.json"
    },
    {
      "type": "Tag",
      "name": "a",
      "selfClosing": false,
      "block": {
        "type": "Block",
        "nodes": []
      },
      "attrs": [
        {
          "name": "class",
          "val": "'tag-class'",
          "escaped": false
        },
        {
          "name": "class",
          "val": "['class1', 'class2']",
          "escaped": true
        }
      ],
      "attributeBlocks": [],
      "line": 7,
      "filename": "attrs.js.tokens.json"
    },
    {
      "type": "Tag",
      "name": "a",
      "selfClosing": false,
      "block": {
        "type": "Block",
        "nodes": []
      },
      "attrs": [
        {
          "name": "href",
          "val": "'/user/' + id",
          "escaped": true
        },
        {
          "name": "class",
          "val": "'button'",
          "escaped": true
        }
      ],
      "attributeBlocks": [],
      "line": 9,
      "filename": "attrs.js.tokens.json"
    },
    {
      "type": "Tag",
      "name": "a",
      "selfClosing": false,
      "block": {
        "type": "Block",
        "nodes": []
      },
      "attrs": [
        {
          "name": "href",
          "val": "'/user/' + id",
          "escaped": true
        },
        {
          "name": "class",
          "val": "'button'",
          "escaped": true
        }
      ],
      "attributeBlocks": [],
      "line": 10,
      "filename": "attrs.js.tokens.json"
    },
    {
      "type": "Tag",
      "name": "meta",
      "selfClosing": false,
      "block": {
        "type": "Block",
        "nodes": []
      },
      "attrs": [
        {
          "name": "key",
          "val": "'answer'",
          "escaped": true
        },
        {
          "name": "value",
          "val": "answer()",
          "escaped": true
        }
      ],
      "attributeBlocks": [],
      "line": 11,
      "filename": "attrs.js.tokens.json"
    },
    {
      "type": "Tag",
      "name": "a",
      "selfClosing": false,
      "block": {
        "type": "Block",
        "nodes": []
      },
      "attrs": [
        {
          "name": "class",
          "val": "['class1', 'class2']",
          "escaped": true
        }
      ],
      "attributeBlocks": [],
      "line": 12,
      "filename": "attrs.js.tokens.json"
    },
    {
      "type": "Tag",
      "name": "a",
      "selfClosing": false,
      "block": {
        "type": "Block",
        "nodes": []
      },
      "attrs": [
        {
          "name": "class",
          "val": "'tag-class'",
          "escaped": false
        },
        {
          "name": "class",
          "val": "['class1', 'class2']",
          "escaped": true
        }
      ],
      "attributeBlocks": [],
      "line": 13,
      "filename": "attrs.js.tokens.json"
    },
    {
      "type": "Tag",
      "name": "div",
      "selfClosing": false,
      "block": {
        "type": "Block",
        "nodes": []
      },
      "attrs": [
        {
          "name": "id",
          "val": "id",
          "escaped": true
        }
      ],
      "attributeBlocks": [
        "{foo: 'bar'}"
      ],
      "line": 15,
      "filename": "attrs.js.tokens.json"
    },
    {
      "type": "Code",
      "val": "var bar = null",
      "buffer": false,
      "escape": false,
      "line": 16,
      "filename": "attrs.js.tokens.json"
    },
    {
      "type": "Tag",
      "name": "div",
      "selfClosing": false,
      "block": {
        "type": "Block",
        "nodes": []
      },
      "attrs": [
        {
          "name": "foo",
          "val": "null",
          "escaped": true
        },
        {
          "name": "bar",
          "val": "bar",
          "escaped": true
        }
      ],
      "attributeBlocks": [
        "{baz: 'baz'}"
      ],
      "line": 17,
      "filename": "attrs.js.tokens.json"
    }
  ],
  "line": 0,
  "filename": "attrs.js.tokens.json"
}