{
  "type": "Block",
  "nodes": [
    {
      "type": "Code",
      "val": "var user = { name: 'tobi' }",
      "buffer": false,
      "escape": false,
      "line": 1,
      "filename": "attrs-data.tokens.json"
    },
    {
      "type": "Tag",
      "name": "foo",
      "selfClosing": false,
      "block": {
        "type": "Block",
        "nodes": []
      },
      "attrs": [
        {
          "name": "data-user",
          "val": "user",
          "escaped": true
        }
      ],
      "attributeBlocks": [],
      "line": 2,
      "filename": "attrs-data.tokens.json"
    },
    {
      "type": "Tag",
      "name": "foo",
      "selfClosing": false,
      "block": {
        "type": "Block",
        "nodes": []
      },
      "attrs": [
        {
          "name": "data-items",
          "val": "[1,2,3]",
          "escaped": true
        }
      ],
      "attributeBlocks": [],
      "line": 3,
      "filename": "attrs-data.tokens.json"
    },
    {
      "type": "Tag",
      "name": "foo",
      "selfClosing": false,
      "block": {
        "type": "Block",
        "nodes": []
      },
      "attrs": [
        {
          "name": "data-username",
          "val": "'tobi'",
          "escaped": true
        }
      ],
      "attributeBlocks": [],
      "line": 4,
      "filename": "attrs-data.tokens.json"
    },
    {
      "type": "Tag",
      "name": "foo",
      "selfClosing": false,
      "block": {
        "type": "Block",
        "nodes": []
      },
      "attrs": [
        {
          "name": "data-escaped",
          "val": "{message: \"Let's rock!\"}",
          "escaped": true
        }
      ],
      "attributeBlocks": [],
      "line": 5,
      "filename": "attrs-data.tokens.json"
    }
  ],
  "line": 0,
  "filename": "attrs-data.tokens.json"
}