{
  "type": "Block",
  "nodes": [
    {
      "type": "Code",
      "val": "var id = 5",
      "buffer": false,
      "escape": false,
      "line": 1,
      "filename": "attrs.interpolation.tokens.json"
    },
    {
      "type": "Tag",
      "name": "a",
      "selfClosing": false,
      "block": {
        "type": "Block",
        "nodes": []
      },
      "attrs": [
        {
          "name": "href",
          "val": "'/user/' + (id) + ''",
          "escaped": true
        }
      ],
      "attributeBlocks": [],
      "line": 2,
      "filename": "attrs.interpolation.tokens.json"
    },
    {
      "type": "Tag",
      "name": "foo",
      "selfClosing": false,
      "block": {
        "type": "Block",
        "nodes": []
      },
      "attrs": [
        {
          "name": "bar",
          "val": "'stuff \\#{here} yup'",
          "escaped": true
        }
      ],
      "attributeBlocks": [],
      "line": 3,
      "filename": "attrs.interpolation.tokens.json"
    }
  ],
  "line": 0,
  "filename": "attrs.interpolation.tokens.json"
}