{
  "type": "Block",
  "nodes": [
    {
      "type": "Tag",
      "name": "html",
      "selfClosing": false,
      "block": {
        "type": "Block",
        "nodes": [
          {
            "type": "Tag",
            "name": "body",
            "selfClosing": false,
            "block": {
              "type": "Block",
              "nodes": [
                {
                  "type": "Tag",
                  "name": "h1",
                  "selfClosing": false,
                  "block": {
                    "type": "Block",
                    "nodes": [
                      {
                        "type": "Text",
                        "val": "Title"
                      }
                    ]
                  },
                  "attrs": [],
                  "attributeBlocks": [],
                  "filename": "basic.tokens.json"
                }
              ]
            },
            "attrs": [],
            "attributeBlocks": [],
            "filename": "basic.tokens.json"
          }
        ]
      },
      "attrs": [],
      "attributeBlocks": [],
      "line": 1,
      "filename": "basic.tokens.json"
    }
  ],
  "line": 0,
  "filename": "basic.tokens.json"
}