{
  "type": "Block",
  "nodes": [
    {
      "type": "Tag",
      "name": "ul",
      "selfClosing": false,
      "block": {
        "type": "Block",
        "nodes": [
          {
            "type": "Tag",
            "name": "li",
            "selfClosing": false,
            "block": {
              "type": "Block",
              "nodes": [
                {
                  "type": "Text",
                  "val": "foo"
                }
              ]
            },
            "attrs": [],
            "attributeBlocks": [],
            "filename": "blanks.tokens.json"
          },
          {
            "type": "Tag",
            "name": "li",
            "selfClosing": false,
            "block": {
              "type": "Block",
              "nodes": [
                {
                  "type": "Text",
                  "val": "bar"
                }
              ]
            },
            "attrs": [],
            "attributeBlocks": [],
            "filename": "blanks.tokens.json"
          },
          {
            "type": "Tag",
            "name": "li",
            "selfClosing": false,
            "block": {
              "type": "Block",
              "nodes": [
                {
                  "type": "Text",
                  "val": "baz"
                }
              ]
            },
            "attrs": [],
            "attributeBlocks": [],
            "filename": "blanks.tokens.json"
          }
        ]
      },
      "attrs": [],
      "attributeBlocks": [],
      "line": 3,
      "filename": "blanks.tokens.json"
    }
  ],
  "line": 0,
  "filename": "blanks.tokens.json"
}