{
  "type": "Block",
  "nodes": [
    {
      "type": "Extends",
      "file": {
        "type": "file-reference",
        "path": "./auxiliary/blocks-in-blocks-layout.jade",
        "line": 1
      },
      "line": 1,
      "filename": "blocks-in-blocks.tokens.json"
    },
    {
      "type": "NamedBlock",
      "nodes": [
        {
          "type": "Tag",
          "name": "h1",
          "selfClosing": false,
          "block": {
            "type": "Block",
            "nodes": [
              {
                "type": "Text",
                "val": "Page 2",
                "line": 4
              }
            ]
          },
          "attrs": [],
          "attributeBlocks": [],
          "isInline": false,
          "line": 4,
          "filename": "blocks-in-blocks.tokens.json"
        }
      ],
      "line": 3,
      "filename": "blocks-in-blocks.tokens.json",
      "name": "body",
      "mode": "replace"
    }
  ],
  "line": 0,
  "filename": "blocks-in-blocks.tokens.json"
}