{
  "type": "Block",
  "nodes": [
    {
      "type": "Tag",
      "name": "ul",
      "selfClosing": false,
      "block": {
        "type": "Block",
        "nodes": [
          {
            "type": "Tag",
            "name": "li",
            "selfClosing": false,
            "block": {
              "type": "Block",
              "nodes": [
                {
                  "type": "Tag",
                  "name": "a",
                  "selfClosing": false,
                  "block": {
                    "type": "Block",
                    "nodes": [
                      {
                        "type": "Text",
                        "val": "foo"
                      }
                    ]
                  },
                  "attrs": [
                    {
                      "name": "href",
                      "val": "'#'",
                      "escaped": true
                    }
                  ],
                  "attributeBlocks": []
                }
              ]
            },
            "attrs": [],
            "attributeBlocks": [],
            "filename": "block-expansion.tokens.json"
          },
          {
            "type": "Tag",
            "name": "li",
            "selfClosing": false,
            "block": {
              "type": "Block",
              "nodes": [
                {
                  "type": "Tag",
                  "name": "a",
                  "selfClosing": false,
                  "block": {
                    "type": "Block",
                    "nodes": [
                      {
                        "type": "Text",
                        "val": "bar"
                      }
                    ]
                  },
                  "attrs": [
                    {
                      "name": "href",
                      "val": "'#'",
                      "escaped": true
                    }
                  ],
                  "attributeBlocks": []
                }
              ]
            },
            "attrs": [],
            "attributeBlocks": [],
            "filename": "block-expansion.tokens.json"
          }
        ]
      },
      "attrs": [],
      "attributeBlocks": [],
      "line": 1,
      "filename": "block-expansion.tokens.json"
    },
    {
      "type": "Tag",
      "name": "p",
      "selfClosing": false,
      "block": {
        "type": "Block",
        "nodes": [
          {
            "type": "Text",
            "val": "baz"
          }
        ]
      },
      "attrs": [],
      "attributeBlocks": [],
      "line": 5,
      "filename": "block-expansion.tokens.json"
    }
  ],
  "line": 0,
  "filename": "block-expansion.tokens.json"
}