{
  "type": "Block",
  "nodes": [
    {
      "type": "BlockComment",
      "val": "",
      "block": {
        "type": "Block",
        "nodes": [
          {
            "type": "Text",
            "val": "s/s.",
            "line": 1
          },
          {
            "type": "Text",
            "val": "\n",
            "line": 1
          },
          {
            "type": "Text",
            "val": "",
            "line": 1
          }
        ]
      },
      "buffer": false,
      "line": 1,
      "filename": "comments.source.tokens.json"
    },
    {
      "type": "Comment",
      "val": " test/cases/comments.source.jade",
      "buffer": false,
      "line": 2,
      "filename": "comments.source.tokens.json"
    },
    {
      "type": "Text",
      "val": "",
      "line": 3,
      "filename": "comments.source.tokens.json"
    },
    {
      "type": "BlockComment",
      "val": "",
      "block": {
        "type": "Block",
        "nodes": [
          {
            "type": "Text",
            "val": "test/cases/comments.source.jade",
            "line": 4
          },
          {
            "type": "Text",
            "val": "\n",
            "line": 4
          },
          {
            "type": "Text",
            "val": "when",
            "line": 4
          },
          {
            "type": "Text",
            "val": "\n",
            "line": 4
          },
          {
            "type": "Text",
            "val": "()",
            "line": 4
          }
        ]
      },
      "buffer": false,
      "line": 4,
      "filename": "comments.source.tokens.json"
    }
  ],
  "line": 0,
  "filename": "comments.source.tokens.json"
}