{
  "type": "Block",
  "nodes": [
    {
      "type": "Filter",
      "name": "custom-filter",
      "block": {
        "type": "Block",
        "nodes": [
          {
            "type": "Text",
            "val": "foo bar",
            "line": 1
          }
        ]
      },
      "attrs": [
        {
          "name": "foo",
          "val": "'bar'",
          "escaped": true
        }
      ],
      "line": 1,
      "filename": "custom-filter.tokens.json"
    }
  ],
  "line": 0,
  "filename": "custom-filter.tokens.json"
}