{
  "type": "Block",
  "nodes": [
    {
      "type": "Tag",
      "name": "script",
      "selfClosing": false,
      "block": {
        "type": "Block",
        "nodes": [
          {
            "type": "Filter",
            "name": "cdata",
            "block": {
              "type": "Filter",
              "name": "uglify-js",
              "block": {
                "type": "Block",
                "nodes": [
                  {
                    "type": "Text",
                    "val": "(function() {",
                    "line": 3
                  },
                  {
                    "type": "Text",
                    "val": "\n",
                    "line": 4
                  },
                  {
                    "type": "Text",
                    "val": "  console.log('test')",
                    "line": 4
                  },
                  {
                    "type": "Text",
                    "val": "\n",
                    "line": 5
                  },
                  {
                    "type": "Text",
                    "val": "})()",
                    "line": 5
                  }
                ]
              },
              "attrs": [],
              "line": 2,
              "filename": "filters.nested.tokens.json"
            },
            "attrs": [],
            "line": 2,
            "filename": "filters.nested.tokens.json"
          }
        ]
      },
      "attrs": [],
      "attributeBlocks": [],
      "isInline": false,
      "line": 1,
      "filename": "filters.nested.tokens.json"
    }
  ],
  "line": 0,
  "filename": "filters.nested.tokens.json"
}