{
  "type": "Block",
  "nodes": [
    {
      "type": "Tag",
      "name": "script",
      "selfClosing": false,
      "block": {
        "type": "Block",
        "nodes": [
          {
            "type": "Filter",
            "name": "coffeescript",
            "block": {
              "type": "Block",
              "nodes": [
                {
                  "type": "Text",
                  "val": "regexp = /\\n/",
                  "line": 2
                }
              ]
            },
            "attrs": [],
            "line": 2,
            "filename": "filters.coffeescript.tokens.json"
          },
          {
            "type": "Filter",
            "name": "coffeescript",
            "block": {
              "type": "Block",
              "nodes": [
                {
                  "type": "Text",
                  "val": "math =",
                  "line": 3
                },
                {
                  "type": "Text",
                  "val": "\n",
                  "line": 3
                },
                {
                  "type": "Text",
                  "val": "  square: (value) -> value * value",
                  "line": 3
                }
              ]
            },
            "attrs": [
              {
                "name": "minify",
                "val": "true",
                "escaped": true
              }
            ],
            "line": 3,
            "filename": "filters.coffeescript.tokens.json"
          }
        ]
      },
      "attrs": [
        {
          "name": "type",
          "val": "'text/javascript'",
          "escaped": true
        }
      ],
      "attributeBlocks": [],
      "isInline": false,
      "line": 1,
      "filename": "filters.coffeescript.tokens.json"
    }
  ],
  "line": 0,
  "filename": "filters.coffeescript.tokens.json"
}