{
  "type": "Block",
  "nodes": [
    {
      "type": "Tag",
      "name": "html",
      "selfClosing": false,
      "block": {
        "type": "Block",
        "nodes": [
          {
            "type": "Tag",
            "name": "body",
            "selfClosing": false,
            "block": {
              "type": "Block",
              "nodes": [
                {
                  "type": "Filter",
                  "name": "markdown",
                  "block": {
                    "type": "Block",
                    "nodes": [
                      {
                        "type": "Text",
                        "val": "This is _some_ awesome **markdown**",
                        "line": 3
                      },
                      {
                        "type": "Text",
                        "val": "\n",
                        "line": 3
                      },
                      {
                        "type": "Text",
                        "val": "whoop.",
                        "line": 3
                      }
                    ]
                  },
                  "attrs": [],
                  "line": 3,
                  "filename": "filters.markdown.tokens.json"
                }
              ]
            },
            "attrs": [],
            "attributeBlocks": [],
            "isInline": false,
            "line": 2,
            "filename": "filters.markdown.tokens.json"
          }
        ]
      },
      "attrs": [],
      "attributeBlocks": [],
      "isInline": false,
      "line": 1,
      "filename": "filters.markdown.tokens.json"
    }
  ],
  "line": 0,
  "filename": "filters.markdown.tokens.json"
}