{
  "type": "Block",
  "nodes": [
    {
      "type": "Text",
      "val": "<ul>\n<li>foo</li>\n<li>bar</li>\n<li>baz</li>\n</ul>",
      "filename": "html.tokens.json",
      "line": 2,
      "isHtml": true
    },
    {
      "type": "Tag",
      "name": "p",
      "selfClosing": false,
      "block": {
        "type": "Block",
        "nodes": [
          {
            "type": "Text",
            "val": "You can <em>embed</em> html as well.",
            "line": 8
          }
        ]
      },
      "attrs": [],
      "attributeBlocks": [],
      "isInline": false,
      "filename": "html.tokens.json",
      "line": 8
    }
  ],
  "line": 0,
  "filename": "html.tokens.json"
}