{
  "type": "Block",
  "nodes": [
    {
      "type": "Tag",
      "name": "script",
      "selfClosing": false,
      "block": {
        "type": "Block",
        "nodes": [
          {
            "type": "Include",
            "file": {
              "type": "FileReference",
              "path": "auxiliary/pet",
              "line": 2,
              "filename": "include.script.tokens.json"
            },
            "attrs": [],
            "block": {
              "type": "Block",
              "nodes": [],
              "line": 2,
              "filename": "include.script.tokens.json"
            },
            "line": 2,
            "filename": "include.script.tokens.json"
          }
        ],
        "line": 1,
        "filename": "include.script.tokens.json"
      },
      "attrs": [
        {
          "name": "id",
          "val": "'pet-template'",
          "mustEscape": false
        },
        {
          "name": "type",
          "val": "'text/x-template'",
          "mustEscape": true
        }
      ],
      "attributeBlocks": [],
      "isInline": false,
      "line": 1,
      "filename": "include.script.tokens.json"
    }
  ],
  "line": 0,
  "filename": "include.script.tokens.json"
}