{
  "type": "Block",
  "nodes": [
    {
      "type": "RawInclude",
      "file": {
        "type": "FileReference",
        "line": 1,
        "filename": "include-extends-of-common-template.tokens.json",
        "path": "auxiliary/extends-empty-block-1"
      },
      "line": 1,
      "filename": "include-extends-of-common-template.tokens.json",
      "filters": []
    },
    {
      "type": "RawInclude",
      "file": {
        "type": "FileReference",
        "line": 2,
        "filename": "include-extends-of-common-template.tokens.json",
        "path": "auxiliary/extends-empty-block-2"
      },
      "line": 2,
      "filename": "include-extends-of-common-template.tokens.json",
      "filters": []
    }
  ],
  "line": 0,
  "filename": "include-extends-of-common-template.tokens.json"
}