{
  "type": "Block",
  "nodes": [
    {
      "type": "RawInclude",
      "file": {
        "type": "FileReference",
        "line": 1,
        "filename": "include-extends-from-root.tokens.json",
        "path": "/auxiliary/extends-from-root"
      },
      "line": 1,
      "filename": "include-extends-from-root.tokens.json",
      "filters": []
    }
  ],
  "line": 0,
  "filename": "include-extends-from-root.tokens.json"
}