{
  "type": "Block",
  "nodes": [
    {
      "type": "RawInclude",
      "file": {
        "type": "FileReference",
        "line": 2,
        "filename": "include.yield.nested.tokens.json",
        "path": "auxiliary/yield-nested"
      },
      "line": 2,
      "filename": "include.yield.nested.tokens.json",
      "filters": []
    }
  ],
  "line": 0,
  "filename": "include.yield.nested.tokens.json"
}