{
  "type": "Block",
  "nodes": [
    {
      "type": "Tag",
      "name": "style",
      "selfClosing": false,
      "block": {
        "type": "Block",
        "nodes": [
          {
            "type": "Filter",
            "name": "stylus",
            "block": {
              "type": "Block",
              "nodes": [
                {
                  "type": "Include",
                  "file": {
                    "type": "FileReference",
                    "line": 2,
                    "filename": "include-filter-stylus.tokens.json",
                    "path": "some.styl"
                  },
                  "line": 2,
                  "filename": "include-filter-stylus.tokens.json",
                  "block": {
                    "type": "Block",
                    "nodes": [],
                    "line": 2,
                    "filename": "include-filter-stylus.tokens.json"
                  }
                }
              ],
              "line": 2,
              "filename": "include-filter-stylus.tokens.json"
            },
            "attrs": [],
            "line": 2,
            "filename": "include-filter-stylus.tokens.json"
          }
        ],
        "line": 1,
        "filename": "include-filter-stylus.tokens.json"
      },
      "attrs": [
        {
          "name": "type",
          "val": "\"text/css\"",
          "mustEscape": true
        }
      ],
      "attributeBlocks": [],
      "isInline": false,
      "line": 1,
      "filename": "include-filter-stylus.tokens.json"
    }
  ],
  "line": 0,
  "filename": "include-filter-stylus.tokens.json"
}