{
  "type": "Block",
  "nodes": [
    {
      "type": "Tag",
      "name": "html",
      "selfClosing": false,
      "block": {
        "type": "Block",
        "nodes": [
          {
            "type": "RawInclude",
            "file": {
              "type": "FileReference",
              "line": 2,
              "filename": "include-with-text.tokens.json",
              "path": "include-with-text-head"
            },
            "line": 2,
            "filename": "include-with-text.tokens.json",
            "filters": []
          }
        ],
        "line": 1,
        "filename": "include-with-text.tokens.json"
      },
      "attrs": [],
      "attributeBlocks": [],
      "isInline": false,
      "line": 1,
      "filename": "include-with-text.tokens.json"
    }
  ],
  "line": 0,
  "filename": "include-with-text.tokens.json"
}