{
  "type": "Block",
  "nodes": [
    {
      "type": "Include",
      "path": "auxiliary/mixins",
      "attrs": [],
      "block": {
        "type": "Block",
        "nodes": []
      },
      "line": 2,
      "filename": "includes.tokens.json"
    },
    {
      "type": "Mixin",
      "name": "foo",
      "block": null,
      "call": true,
      "attrs": [],
      "attributeBlocks": [],
      "line": 4,
      "filename": "includes.tokens.json"
    },
    {
      "type": "Tag",
      "name": "body",
      "selfClosing": false,
      "block": {
        "type": "Block",
        "nodes": [
          {
            "type": "Include",
            "path": "auxiliary/smile.html",
            "attrs": [],
            "block": {
              "type": "Block",
              "nodes": []
            },
            "line": 7,
            "filename": "includes.tokens.json"
          },
          {
            "type": "Include",
            "path": "auxiliary/escapes.html",
            "attrs": [],
            "block": {
              "type": "Block",
              "nodes": []
            },
            "line": 8,
            "filename": "includes.tokens.json"
          },
          {
            "type": "Tag",
            "name": "script",
            "selfClosing": false,
            "block": {
              "type": "Block",
              "nodes": [
                {
                  "type": "Include",
                  "path": "auxiliary/includable.js",
                  "filter": "js",
                  "attrs": [],
                  "block": {
                    "type": "Block",
                    "nodes": []
                  },
                  "line": 10,
                  "filename": "includes.tokens.json"
                }
              ]
            },
            "attrs": [
              {
                "name": "type",
                "val": "\"text/javascript\"",
                "escaped": true
              }
            ],
            "attributeBlocks": [],
            "isInline": false,
            "line": 9,
            "filename": "includes.tokens.json"
          }
        ]
      },
      "attrs": [],
      "attributeBlocks": [],
      "isInline": false,
      "line": 6,
      "filename": "includes.tokens.json"
    }
  ],
  "line": 0,
  "filename": "includes.tokens.json"
}