{
  "type": "Block",
  "nodes": [
    {
      "type": "Extends",
      "file": {
        "type": "file-reference",
        "path": "auxiliary/dialog",
        "line": 2
      },
      "line": 2,
      "filename": "inheritance.alert-dialog.tokens.json"
    },
    {
      "type": "NamedBlock",
      "nodes": [
        {
          "type": "Tag",
          "name": "h1",
          "selfClosing": false,
          "block": {
            "type": "Block",
            "nodes": [
              {
                "type": "Text",
                "val": "Alert!",
                "line": 5
              }
            ]
          },
          "attrs": [],
          "attributeBlocks": [],
          "isInline": false,
          "line": 5,
          "filename": "inheritance.alert-dialog.tokens.json"
        },
        {
          "type": "Tag",
          "name": "p",
          "selfClosing": false,
          "block": {
            "type": "Block",
            "nodes": [
              {
                "type": "Text",
                "val": "I'm an alert!",
                "line": 6
              }
            ]
          },
          "attrs": [],
          "attributeBlocks": [],
          "isInline": false,
          "line": 6,
          "filename": "inheritance.alert-dialog.tokens.json"
        }
      ],
      "line": 4,
      "filename": "inheritance.alert-dialog.tokens.json",
      "name": "content",
      "mode": "replace"
    }
  ],
  "line": 0,
  "filename": "inheritance.alert-dialog.tokens.json"
}