{
  "type": "Block",
  "nodes": [
    {
      "type": "Extends",
      "file": {
        "type": "file-reference",
        "path": "auxiliary/layout",
        "line": 2
      },
      "line": 2,
      "filename": "inheritance.extend.mixins.tokens.json"
    },
    {
      "type": "Mixin",
      "name": "article",
      "args": "title",
      "block": {
        "type": "Block",
        "nodes": [
          {
            "type": "Code",
            "val": "if ( title)",
            "line": 5,
            "block": {
              "type": "Block",
              "nodes": [
                {
                  "type": "Tag",
                  "name": "h1",
                  "selfClosing": false,
                  "block": {
                    "type": "Block",
                    "nodes": []
                  },
                  "attrs": [],
                  "attributeBlocks": [],
                  "isInline": false,
                  "line": 6,
                  "code": {
                    "type": "Code",
                    "val": "title",
                    "buffer": true,
                    "escape": true,
                    "line": 6
                  },
                  "filename": "inheritance.extend.mixins.tokens.json"
                }
              ],
              "line": 6,
              "filename": "inheritance.extend.mixins.tokens.json"
            },
            "filename": "inheritance.extend.mixins.tokens.json"
          },
          {
            "type": "MixinBlock",
            "line": 7,
            "filename": "inheritance.extend.mixins.tokens.json"
          }
        ],
        "line": 5,
        "filename": "inheritance.extend.mixins.tokens.json"
      },
      "call": false,
      "line": 4,
      "filename": "inheritance.extend.mixins.tokens.json"
    },
    {
      "type": "NamedBlock",
      "nodes": [
        {
          "type": "Mixin",
          "name": "article",
          "args": "\"The meaning of life\"",
          "block": {
            "type": "Block",
            "nodes": [
              {
                "type": "Tag",
                "name": "p",
                "selfClosing": false,
                "block": {
                  "type": "Block",
                  "nodes": [
                    {
                      "type": "Text",
                      "val": "Foo bar baz!",
                      "line": 11
                    }
                  ]
                },
                "attrs": [],
                "attributeBlocks": [],
                "isInline": false,
                "line": 11,
                "filename": "inheritance.extend.mixins.tokens.json"
              }
            ]
          },
          "call": true,
          "attrs": [],
          "attributeBlocks": [],
          "line": 10,
          "filename": "inheritance.extend.mixins.tokens.json"
        }
      ],
      "line": 9,
      "filename": "inheritance.extend.mixins.tokens.json",
      "name": "content",
      "mode": "replace"
    }
  ],
  "line": 0,
  "filename": "inheritance.extend.mixins.tokens.json"
}