{
  "type": "Block",
  "nodes": [
    {
      "type": "Extends",
      "path": "auxiliary/layout.include",
      "filename": "inheritance.extend.include.tokens.json",
      "line": 2
    },
    {
      "type": "NamedBlock",
      "nodes": [
        {
          "type": "Tag",
          "name": "script",
          "selfClosing": false,
          "block": {
            "type": "Block",
            "nodes": []
          },
          "attrs": [
            {
              "name": "src",
              "val": "'jquery.js'",
              "escaped": true
            }
          ],
          "attributeBlocks": [],
          "filename": "inheritance.extend.include.tokens.json"
        }
      ],
      "line": 4,
      "filename": "inheritance.extend.include.tokens.json",
      "name": "head",
      "mode": "replace"
    },
    {
      "type": "NamedBlock",
      "nodes": [
        {
          "type": "Tag",
          "name": "h2",
          "selfClosing": false,
          "block": {
            "type": "Block",
            "nodes": [
              {
                "type": "Text",
                "val": "Page"
              }
            ]
          },
          "attrs": [],
          "attributeBlocks": [],
          "filename": "inheritance.extend.include.tokens.json"
        },
        {
          "type": "Tag",
          "name": "p",
          "selfClosing": false,
          "block": {
            "type": "Block",
            "nodes": [
              {
                "type": "Text",
                "val": "Some content"
              }
            ]
          },
          "attrs": [],
          "attributeBlocks": [],
          "filename": "inheritance.extend.include.tokens.json"
        }
      ],
      "line": 7,
      "filename": "inheritance.extend.include.tokens.json",
      "name": "content",
      "mode": "replace"
    },
    {
      "type": "NamedBlock",
      "nodes": [
        {
          "type": "Tag",
          "name": "h2",
          "selfClosing": false,
          "block": {
            "type": "Block",
            "nodes": [
              {
                "type": "Text",
                "val": "Awesome"
              }
            ]
          },
          "attrs": [],
          "attributeBlocks": [],
          "filename": "inheritance.extend.include.tokens.json"
        },
        {
          "type": "Tag",
          "name": "p",
          "selfClosing": false,
          "block": {
            "type": "Block",
            "nodes": [
              {
                "type": "Text",
                "val": "Now we can extend included blocks!"
              }
            ]
          },
          "attrs": [],
          "attributeBlocks": [],
          "filename": "inheritance.extend.include.tokens.json"
        }
      ],
      "line": 11,
      "filename": "inheritance.extend.include.tokens.json",
      "name": "window-content",
      "mode": "replace"
    }
  ],
  "line": 0,
  "filename": "inheritance.extend.include.tokens.json"
}