{
  "type": "Block",
  "nodes": [
    {
      "type": "Tag",
      "name": "p",
      "selfClosing": false,
      "block": {
        "type": "Block",
        "nodes": [
          {
            "type": "Block",
            "nodes": [
              {
                "type": "Text",
                "val": "bing "
              },
              {
                "type": "Tag",
                "name": "strong",
                "selfClosing": false,
                "block": {
                  "type": "Block",
                  "nodes": [
                    {
                      "type": "Text",
                      "val": "foo"
                    }
                  ]
                },
                "attrs": [],
                "attributeBlocks": [],
                "isInline": true
              },
              {
                "type": "Text",
                "val": " bong"
              }
            ]
          }
        ]
      },
      "attrs": [],
      "attributeBlocks": [],
      "isInline": false,
      "line": 1,
      "filename": "inline-tag.tokens.json"
    },
    {
      "type": "Tag",
      "name": "p",
      "selfClosing": false,
      "block": {
        "type": "Block",
        "nodes": [
          {
            "type": "Text",
            "val": "bing"
          },
          {
            "type": "Text",
            "val": "\n"
          },
          {
            "type": "Text",
            "val": ""
          },
          {
            "type": "Tag",
            "name": "strong",
            "selfClosing": false,
            "block": {
              "type": "Block",
              "nodes": [
                {
                  "type": "Text",
                  "val": "foo"
                }
              ]
            },
            "attrs": [],
            "attributeBlocks": [],
            "isInline": true
          },
          {
            "type": "Text",
            "val": ""
          },
          {
            "type": "Text",
            "val": "\n"
          },
          {
            "type": "Text",
            "val": "bong"
          },
          {
            "type": "Text",
            "val": "\n"
          },
          {
            "type": "Text",
            "val": ""
          }
        ]
      },
      "attrs": [],
      "attributeBlocks": [],
      "isInline": false,
      "line": 3,
      "textOnly": true,
      "filename": "inline-tag.tokens.json"
    },
    {
      "type": "Tag",
      "name": "p",
      "selfClosing": false,
      "block": {
        "type": "Block",
        "nodes": [
          {
            "type": "Block",
            "nodes": [
              {
                "type": "Text",
                "val": "bing"
              },
              {
                "type": "Text",
                "val": "\n"
              },
              {
                "type": "Text",
                "val": ""
              },
              {
                "type": "Tag",
                "name": "strong",
                "selfClosing": false,
                "block": {
                  "type": "Block",
                  "nodes": [
                    {
                      "type": "Text",
                      "val": "foo"
                    }
                  ]
                },
                "attrs": [],
                "attributeBlocks": [],
                "isInline": true
              },
              {
                "type": "Text",
                "val": ""
              },
              {
                "type": "Text",
                "val": "\n"
              },
              {
                "type": "Text",
                "val": "bong"
              }
            ],
            "filename": "inline-tag.tokens.json"
          }
        ]
      },
      "attrs": [],
      "attributeBlocks": [],
      "isInline": false,
      "line": 4,
      "filename": "inline-tag.tokens.json"
    },
    {
      "type": "Tag",
      "name": "p",
      "selfClosing": false,
      "block": {
        "type": "Block",
        "nodes": [
          {
            "type": "Text",
            "val": "#[strong escaped]"
          },
          {
            "type": "Text",
            "val": "\n"
          },
          {
            "type": "Text",
            "val": "#["
          },
          {
            "type": "Tag",
            "name": "strong",
            "selfClosing": false,
            "block": {
              "type": "Block",
              "nodes": [
                {
                  "type": "Text",
                  "val": "escaped"
                }
              ]
            },
            "attrs": [],
            "attributeBlocks": [],
            "isInline": true
          },
          {
            "type": "Text",
            "val": ""
          }
        ]
      },
      "attrs": [],
      "attributeBlocks": [],
      "isInline": false,
      "line": 9,
      "textOnly": true,
      "filename": "inline-tag.tokens.json"
    }
  ],
  "line": 0,
  "filename": "inline-tag.tokens.json"
}