{
  "type": "Block",
  "nodes": [
    {
      "type": "Code",
      "val": "var id = 42;",
      "buffer": false,
      "escape": false,
      "line": 2,
      "filename": "interpolation.escape.tokens.json"
    },
    {
      "type": "Tag",
      "name": "foo",
      "selfClosing": false,
      "block": {
        "type": "Block",
        "nodes": [
          {
            "type": "Block",
            "nodes": [
              {
                "type": "Text",
                "val": "some",
                "line": 4
              },
              {
                "type": "Text",
                "val": "\n",
                "line": 5
              },
              {
                "type": "Text",
                "val": "\\#{text}",
                "line": 5
              },
              {
                "type": "Text",
                "val": "\n",
                "line": 6
              },
              {
                "type": "Text",
                "val": "here",
                "line": 6
              },
              {
                "type": "Text",
                "val": "\n",
                "line": 7
              },
              {
                "type": "Text",
                "val": "My ID #{\"is {\" + id + \"}\"}",
                "line": 7
              }
            ],
            "line": 4,
            "filename": "interpolation.escape.tokens.json"
          }
        ]
      },
      "attrs": [],
      "attributeBlocks": [],
      "isInline": false,
      "line": 3,
      "filename": "interpolation.escape.tokens.json"
    }
  ],
  "line": 0,
  "filename": "interpolation.escape.tokens.json"
}