{
  "type": "Block",
  "nodes": [
    {
      "type": "Include",
      "file": {
        "type": "file-reference",
        "path": "./auxiliary/mixin-at-end-of-file.jade",
        "line": 1
      },
      "attrs": [],
      "block": {
        "type": "Block",
        "nodes": []
      },
      "line": 1,
      "filename": "mixin-at-end-of-file.tokens.json"
    },
    {
      "type": "Mixin",
      "name": "slide",
      "args": "",
      "block": {
        "type": "Block",
        "nodes": [
          {
            "type": "Tag",
            "name": "p",
            "selfClosing": false,
            "block": {
              "type": "Block",
              "nodes": [
                {
                  "type": "Text",
                  "val": "some awesome content",
                  "line": 4
                }
              ]
            },
            "attrs": [],
            "attributeBlocks": [],
            "isInline": false,
            "line": 4,
            "filename": "mixin-at-end-of-file.tokens.json"
          }
        ]
      },
      "call": true,
      "attrs": [],
      "attributeBlocks": [],
      "line": 3,
      "filename": "mixin-at-end-of-file.tokens.json"
    }
  ],
  "line": 0,
  "filename": "mixin-at-end-of-file.tokens.json"
}