{
  "type": "Block",
  "nodes": [
    {
      "type": "Tag",
      "name": "fb:user:role",
      "selfClosing": false,
      "block": {
        "type": "Block",
        "nodes": [
          {
            "type": "Text",
            "val": "Something"
          }
        ]
      },
      "attrs": [],
      "attributeBlocks": [],
      "line": 1,
      "filename": "namespaces.tokens.json"
    },
    {
      "type": "Tag",
      "name": "foo",
      "selfClosing": false,
      "block": {
        "type": "Block",
        "nodes": []
      },
      "attrs": [
        {
          "name": "fb:foo",
          "val": "'bar'",
          "escaped": true
        }
      ],
      "attributeBlocks": [],
      "line": 2,
      "filename": "namespaces.tokens.json"
    }
  ],
  "line": 0,
  "filename": "namespaces.tokens.json"
}