{
  "type": "Block",
  "nodes": [
    {
      "type": "Tag",
      "name": "pre",
      "selfClosing": false,
      "block": {
        "type": "Block",
        "nodes": [
          {
            "type": "Text",
            "val": "foo",
            "line": 1
          },
          {
            "type": "Text",
            "val": "\n",
            "line": 1
          },
          {
            "type": "Text",
            "val": "bar",
            "line": 1
          },
          {
            "type": "Text",
            "val": "\n",
            "line": 1
          },
          {
            "type": "Text",
            "val": "baz",
            "line": 1
          },
          {
            "type": "Text",
            "val": "\n",
            "line": 1
          },
          {
            "type": "Text",
            "val": "",
            "line": 1
          }
        ]
      },
      "attrs": [],
      "attributeBlocks": [],
      "isInline": false,
      "line": 1,
      "textOnly": true,
      "filename": "pre.tokens.json"
    },
    {
      "type": "Tag",
      "name": "pre",
      "selfClosing": false,
      "block": {
        "type": "Block",
        "nodes": [
          {
            "type": "Tag",
            "name": "code",
            "selfClosing": false,
            "block": {
              "type": "Block",
              "nodes": [
                {
                  "type": "Text",
                  "val": "foo",
                  "line": 3
                },
                {
                  "type": "Text",
                  "val": "\n",
                  "line": 3
                },
                {
                  "type": "Text",
                  "val": "bar",
                  "line": 3
                },
                {
                  "type": "Text",
                  "val": "\n",
                  "line": 3
                },
                {
                  "type": "Text",
                  "val": "baz",
                  "line": 3
                }
              ]
            },
            "attrs": [],
            "attributeBlocks": [],
            "isInline": true,
            "line": 3,
            "textOnly": true,
            "filename": "pre.tokens.json"
          }
        ]
      },
      "attrs": [],
      "attributeBlocks": [],
      "isInline": false,
      "line": 2,
      "filename": "pre.tokens.json"
    }
  ],
  "line": 0,
  "filename": "pre.tokens.json"
}