{
  "type": "Block",
  "nodes": [
    {
      "type": "Tag",
      "name": "p",
      "selfClosing": false,
      "block": {
        "type": "Block",
        "nodes": [
          {
            "type": "Text",
            "val": "\"foo\""
          }
        ]
      },
      "attrs": [],
      "attributeBlocks": [],
      "line": 1,
      "filename": "quotes.tokens.json"
    },
    {
      "type": "Tag",
      "name": "p",
      "selfClosing": false,
      "block": {
        "type": "Block",
        "nodes": [
          {
            "type": "Text",
            "val": "'foo'"
          }
        ]
      },
      "attrs": [],
      "attributeBlocks": [],
      "line": 2,
      "filename": "quotes.tokens.json"
    }
  ],
  "line": 0,
  "filename": "quotes.tokens.json"
}