{
  "type": "Block",
  "nodes": [
    {
      "type": "Code",
      "val": "var url = 'http://www.google.com'",
      "buffer": false,
      "escape": false,
      "filename": "regression.784.tokens.json",
      "line": 1
    },
    {
      "type": "Tag",
      "name": "div",
      "block": {
        "type": "Block",
        "nodes": [
          {
            "type": "Text",
            "val": "#{url.replace('http://', '').replace(/^www\\./, '')}",
            "line": 2
          }
        ]
      },
      "attrs": [
        {
          "name": "class",
          "val": "'url'",
          "escaped": false
        }
      ],
      "attributeBlocks": [],
      "isInline": false,
      "filename": "regression.784.tokens.json",
      "line": 2
    }
  ],
  "line": 0,
  "filename": "regression.784.tokens.json"
}