{
  "type": "Block",
  "nodes": [
    {
      "type": "Tag",
      "name": "script",
      "selfClosing": false,
      "block": {
        "type": "Block",
        "nodes": [
          {
            "type": "Text",
            "val": "if (foo) {",
            "line": 1
          },
          {
            "type": "Text",
            "val": "\n",
            "line": 1
          },
          {
            "type": "Text",
            "val": "  bar();",
            "line": 1
          },
          {
            "type": "Text",
            "val": "\n",
            "line": 1
          },
          {
            "type": "Text",
            "val": "}",
            "line": 1
          }
        ]
      },
      "attrs": [],
      "attributeBlocks": [],
      "isInline": false,
      "line": 1,
      "textOnly": true,
      "filename": "scripts.tokens.json"
    },
    {
      "type": "Tag",
      "name": "script",
      "selfClosing": false,
      "block": {
        "type": "Block",
        "nodes": []
      },
      "attrs": [],
      "attributeBlocks": [],
      "isInline": false,
      "line": 2,
      "code": {
        "type": "Code",
        "val": "'foo()'",
        "buffer": true,
        "escape": false,
        "line": 2
      },
      "filename": "scripts.tokens.json"
    },
    {
      "type": "Tag",
      "name": "script",
      "selfClosing": false,
      "block": {
        "type": "Block",
        "nodes": [
          {
            "type": "Text",
            "val": "foo()",
            "line": 3
          }
        ]
      },
      "attrs": [],
      "attributeBlocks": [],
      "isInline": false,
      "line": 3,
      "filename": "scripts.tokens.json"
    },
    {
      "type": "Tag",
      "name": "script",
      "selfClosing": false,
      "block": {
        "type": "Block",
        "nodes": []
      },
      "attrs": [],
      "attributeBlocks": [],
      "isInline": false,
      "line": 4,
      "filename": "scripts.tokens.json"
    },
    {
      "type": "Tag",
      "name": "div",
      "selfClosing": false,
      "block": {
        "type": "Block",
        "nodes": []
      },
      "attrs": [],
      "attributeBlocks": [],
      "isInline": false,
      "line": 5,
      "filename": "scripts.tokens.json"
    }
  ],
  "line": 0,
  "filename": "scripts.tokens.json"
}