{
  "type": "Block",
  "nodes": [
    {
      "type": "Tag",
      "name": "script",
      "selfClosing": false,
      "block": {
        "type": "Block",
        "nodes": [
          {
            "type": "Text",
            "val": "if (foo) {"
          },
          {
            "type": "Text",
            "val": "\n"
          },
          {
            "type": "Text",
            "val": "  "
          },
          {
            "type": "Text",
            "val": "\n"
          },
          {
            "type": "Text",
            "val": "  bar();"
          },
          {
            "type": "Text",
            "val": "\n"
          },
          {
            "type": "Text",
            "val": ""
          },
          {
            "type": "Text",
            "val": "\n"
          },
          {
            "type": "Text",
            "val": "}"
          }
        ]
      },
      "attrs": [],
      "attributeBlocks": [],
      "isInline": false,
      "line": 1,
      "textOnly": true,
      "filename": "script.whitespace.tokens.json"
    }
  ],
  "line": 0,
  "filename": "script.whitespace.tokens.json"
}