{
  "type": "Block",
  "nodes": [
    {
      "type": "Tag",
      "name": "span",
      "selfClosing": false,
      "block": {
        "type": "Block",
        "nodes": [
          {
            "type": "Text",
            "val": ".",
            "line": 1
          }
        ]
      },
      "attrs": [],
      "attributeBlocks": [],
      "isInline": true,
      "filename": "single-period.tokens.json",
      "line": 1
    }
  ],
  "line": 0,
  "filename": "single-period.tokens.json"
}