{
  "type": "Block",
  "nodes": [
    {
      "type": "Tag",
      "name": "html",
      "selfClosing": false,
      "block": {
        "type": "Block",
        "nodes": [
          {
            "type": "Tag",
            "name": "head",
            "selfClosing": false,
            "block": {
              "type": "Block",
              "nodes": [
                {
                  "type": "Tag",
                  "name": "style",
                  "selfClosing": false,
                  "block": {
                    "type": "Block",
                    "nodes": [
                      {
                        "type": "Text",
                        "val": "body {",
                        "line": 3
                      },
                      {
                        "type": "Text",
                        "val": "\n",
                        "line": 3
                      },
                      {
                        "type": "Text",
                        "val": "  padding: 50px;",
                        "line": 3
                      },
                      {
                        "type": "Text",
                        "val": "\n",
                        "line": 3
                      },
                      {
                        "type": "Text",
                        "val": "}",
                        "line": 3
                      }
                    ]
                  },
                  "attrs": [],
                  "attributeBlocks": [],
                  "isInline": false,
                  "line": 3,
                  "textOnly": true,
                  "filename": "styles.tokens.json"
                }
              ]
            },
            "attrs": [],
            "attributeBlocks": [],
            "isInline": false,
            "line": 2,
            "filename": "styles.tokens.json"
          },
          {
            "type": "Tag",
            "name": "body",
            "selfClosing": false,
            "block": {
              "type": "Block",
              "nodes": [
                {
                  "type": "Tag",
                  "name": "div",
                  "selfClosing": false,
                  "block": {
                    "type": "Block",
                    "nodes": []
                  },
                  "attrs": [
                    {
                      "name": "style",
                      "val": "'color:red;background:green'",
                      "escaped": true
                    }
                  ],
                  "attributeBlocks": [],
                  "isInline": false,
                  "line": 5,
                  "filename": "styles.tokens.json"
                },
                {
                  "type": "Tag",
                  "name": "div",
                  "selfClosing": false,
                  "block": {
                    "type": "Block",
                    "nodes": []
                  },
                  "attrs": [
                    {
                      "name": "style",
                      "val": "{color: 'red', background: 'green'}",
                      "escaped": true
                    }
                  ],
                  "attributeBlocks": [],
                  "isInline": false,
                  "line": 6,
                  "filename": "styles.tokens.json"
                },
                {
                  "type": "Tag",
                  "name": "div",
                  "selfClosing": false,
                  "block": {
                    "type": "Block",
                    "nodes": []
                  },
                  "attrs": [],
                  "attributeBlocks": [
                    "{style: 'color:red;background:green'}"
                  ],
                  "isInline": false,
                  "line": 7,
                  "filename": "styles.tokens.json"
                },
                {
                  "type": "Tag",
                  "name": "div",
                  "selfClosing": false,
                  "block": {
                    "type": "Block",
                    "nodes": []
                  },
                  "attrs": [],
                  "attributeBlocks": [
                    "{style: {color: 'red', background: 'green'}}"
                  ],
                  "isInline": false,
                  "line": 8,
                  "filename": "styles.tokens.json"
                },
                {
                  "type": "Mixin",
                  "name": "div",
                  "args": null,
                  "block": {
                    "type": "Block",
                    "nodes": [
                      {
                        "type": "Tag",
                        "name": "div",
                        "selfClosing": false,
                        "block": {
                          "type": "Block",
                          "nodes": []
                        },
                        "attrs": [],
                        "attributeBlocks": [
                          "attributes"
                        ],
                        "isInline": false,
                        "line": 10,
                        "filename": "styles.tokens.json"
                      }
                    ],
                    "line": 10,
                    "filename": "styles.tokens.json"
                  },
                  "call": false,
                  "line": 9,
                  "filename": "styles.tokens.json"
                },
                {
                  "type": "Mixin",
                  "name": "div",
                  "block": null,
                  "call": true,
                  "attrs": [
                    {
                      "name": "style",
                      "val": "'color:red;background:green'",
                      "escaped": true
                    }
                  ],
                  "attributeBlocks": [],
                  "line": 11,
                  "filename": "styles.tokens.json"
                },
                {
                  "type": "Mixin",
                  "name": "div",
                  "block": null,
                  "call": true,
                  "attrs": [
                    {
                      "name": "style",
                      "val": "{color: 'red', background: 'green'}",
                      "escaped": true
                    }
                  ],
                  "attributeBlocks": [],
                  "line": 12,
                  "filename": "styles.tokens.json"
                },
                {
                  "type": "Code",
                  "val": "var bg = 'green';",
                  "buffer": false,
                  "escape": false,
                  "line": 13,
                  "filename": "styles.tokens.json"
                },
                {
                  "type": "Tag",
                  "name": "div",
                  "selfClosing": false,
                  "block": {
                    "type": "Block",
                    "nodes": []
                  },
                  "attrs": [
                    {
                      "name": "style",
                      "val": "{color: 'red', background: bg}",
                      "escaped": true
                    }
                  ],
                  "attributeBlocks": [],
                  "isInline": false,
                  "line": 14,
                  "filename": "styles.tokens.json"
                },
                {
                  "type": "Tag",
                  "name": "div",
                  "selfClosing": false,
                  "block": {
                    "type": "Block",
                    "nodes": []
                  },
                  "attrs": [],
                  "attributeBlocks": [
                    "{style: {color: 'red', background: bg}}"
                  ],
                  "isInline": false,
                  "line": 15,
                  "filename": "styles.tokens.json"
                },
                {
                  "type": "Mixin",
                  "name": "div",
                  "block": null,
                  "call": true,
                  "attrs": [
                    {
                      "name": "style",
                      "val": "{color: 'red', background: bg}",
                      "escaped": true
                    }
                  ],
                  "attributeBlocks": [],
                  "line": 16,
                  "filename": "styles.tokens.json"
                }
              ]
            },
            "attrs": [],
            "attributeBlocks": [],
            "isInline": false,
            "line": 4,
            "filename": "styles.tokens.json"
          }
        ]
      },
      "attrs": [],
      "attributeBlocks": [],
      "isInline": false,
      "line": 1,
      "filename": "styles.tokens.json"
    }
  ],
  "line": 0,
  "filename": "styles.tokens.json"
}