{
  "type": "Block",
  "nodes": [
    {
      "type": "Doctype",
      "val": "xml",
      "line": 1,
      "filename": "xml.tokens.json"
    },
    {
      "type": "Tag",
      "name": "category",
      "selfClosing": true,
      "block": {
        "type": "Block",
        "nodes": []
      },
      "attrs": [
        {
          "name": "term",
          "val": "'some term'",
          "escaped": true
        }
      ],
      "attributeBlocks": [],
      "isInline": false,
      "filename": "xml.tokens.json",
      "line": 2
    },
    {
      "type": "Tag",
      "name": "link",
      "selfClosing": false,
      "block": {
        "type": "Block",
        "nodes": [
          {
            "type": "Text",
            "val": "http://google.com",
            "line": 3
          }
        ]
      },
      "attrs": [],
      "attributeBlocks": [],
      "isInline": false,
      "filename": "xml.tokens.json",
      "line": 3
    }
  ],
  "line": 0,
  "filename": "xml.tokens.json"
}