{
  "type": "Block",
  "nodes": [
    {
      "type": "Tag",
      "name": "html",
      "selfClosing": false,
      "block": {
        "type": "Block",
        "nodes": [
          {
            "type": "Tag",
            "name": "body",
            "selfClosing": false,
            "block": {
              "type": "Block",
              "nodes": [
                {
                  "type": "RawInclude",
                  "file": {
                    "type": "FileReference",
                    "line": 3,
                    "filename": "yield-title.tokens.json",
                    "path": "yield-title-head"
                  },
                  "line": 3,
                  "filename": "yield-title.tokens.json",
                  "filters": []
                }
              ],
              "line": 2,
              "filename": "yield-title.tokens.json"
            },
            "attrs": [],
            "attributeBlocks": [],
            "isInline": false,
            "line": 2,
            "filename": "yield-title.tokens.json"
          }
        ],
        "line": 1,
        "filename": "yield-title.tokens.json"
      },
      "attrs": [],
      "attributeBlocks": [],
      "isInline": false,
      "line": 1,
      "filename": "yield-title.tokens.json"
    }
  ],
  "line": 0,
  "filename": "yield-title.tokens.json"
}